../Core/Src/main.c:69:13:uart_print	16	static
../Core/Src/main.c:76:6:HAL_ADC_ConvCpltCallback	16	static
../Core/Src/main.c:91:5:main	48	static
../Core/Src/main.c:177:6:SystemClock_Config	96	static
../Core/Src/main.c:238:13:MX_ADC1_Init	32	static
../Core/Src/main.c:305:13:MX_TIM2_Init	40	static
../Core/Src/main.c:350:13:MX_USART2_UART_Init	8	static
../Core/Src/main.c:383:13:MX_DMA_Init	16	static
../Core/Src/main.c:401:13:MX_GPIO_Init	40	static
../Core/Src/main.c:434:6:Error_Handler	4	static,ignoring_inline_asm
